Using 12 CPU threads; working directory: /home/hermes/duda/16SrRNA_analysis
Warning message:
package ‘dplyr’ was built under R version 4.5.3 
Warning message:
package ‘Rcpp’ was built under R version 4.5.3 
Warning message:
package ‘ggplot2’ was built under R version 4.5.3 
Warning message:
package ‘phyloseq’ was built under R version 4.5.3 
Warning message:
package ‘S4Vectors’ was built under R version 4.5.3 
 [1] "MD01-1.fastq" "MD01-2.fastq" "MD02-1.fastq" "MD02-2.fastq" "MD03-1.fastq"
 [6] "MD03-2.fastq" "MD04-1.fastq" "MD04-2.fastq" "MD05-1.fastq" "MD05-2.fastq"
[11] "MD06-1.fastq" "MD06-2.fastq" "MD07-1.fastq" "MD07-2.fastq" "MD09-1.fastq"
[16] "MD09-2.fastq" "MD10-1.fastq" "MD10-2.fastq" "MD11-1.fastq" "MD11-2.fastq"
[21] "MD12-1.fastq" "MD12-2.fastq" "MD14-1.fastq" "MD14-2.fastq" "MD15-1.fastq"
[26] "MD15-2.fastq" "MD16-1.fastq" "MD16-2.fastq" "MD17-1.fastq" "MD17-2.fastq"
[31] "MD18-1.fastq" "MD18-2.fastq" "MD21-1.fastq" "MD21-2.fastq" "MD22-1.fastq"
[36] "MD22-2.fastq" "MD23-1.fastq" "MD23-2.fastq" "MD24-1.fastq" "MD24-2.fastq"
Preflight: 26 run 1 samples; 14 run 2 samples; SILVA references present
             reads.in reads.out
MD02-1.fastq    56680     45909
MD02-2.fastq    97535     76909
MD03-1.fastq    58818     47248
MD03-2.fastq    68284     50642
MD04-1.fastq    65612     41524
MD04-2.fastq    59098     46348
MD05-1.fastq   139329    115898
MD05-2.fastq    98473     79473
MD06-1.fastq    76415     58012
MD06-2.fastq    91881     72388
MD07-1.fastq    71284     54485
MD07-2.fastq    99983     77636
MD09-1.fastq    26713     20262
MD09-2.fastq   105449     82294
MD10-1.fastq    80352     59777
MD10-2.fastq    83848     65056
MD11-1.fastq    84624     58468
MD11-2.fastq    68326     48495
MD14-2.fastq    96018     78244
MD15-1.fastq    76477     61125
MD15-2.fastq    88441     67721
MD16-1.fastq    90258     70772
MD16-2.fastq    87255     68191
MD17-1.fastq    70216     52586
MD18-1.fastq    76516     60884
MD18-2.fastq   294098    235644
             reads.in reads.out
MD01-1.fastq    55229     43126
MD01-2.fastq    55544     42216
MD12-1.fastq    53970     45980
MD12-2.fastq    56453     48391
MD14-1.fastq    59049     49895
MD17-2.fastq    65822     50682
MD21-1.fastq    73336     55925
MD21-2.fastq    68647     55008
MD22-1.fastq    72400     60743
MD22-2.fastq    68722     56514
MD23-1.fastq    59820     50030
MD23-2.fastq    71157     60287
MD24-1.fastq    69825     56537
MD24-2.fastq   102978     81519
427445858 total bases in 1795991 reads from 26 samples will be used for learning the error rates.
Initializing error rates to maximum possible estimate.
selfConsist step 1 ..........................
   selfConsist step 2
   selfConsist step 3
   selfConsist step 4
   selfConsist step 5
   selfConsist step 6
Convergence after  6  rounds.
180131014 total bases in 756853 reads from 14 samples will be used for learning the error rates.
Initializing error rates to maximum possible estimate.
selfConsist step 1 ..............
   selfConsist step 2
   selfConsist step 3
   selfConsist step 4
   selfConsist step 5
   selfConsist step 6
Convergence after  6  rounds.
Sample 1 - 45909 reads in 9182 unique sequences.
Sample 2 - 76909 reads in 21724 unique sequences.
Sample 3 - 47248 reads in 11059 unique sequences.
Sample 4 - 50642 reads in 11712 unique sequences.
Sample 5 - 41524 reads in 6070 unique sequences.
Sample 6 - 46348 reads in 14206 unique sequences.
Sample 7 - 115898 reads in 19216 unique sequences.
Sample 8 - 79473 reads in 15229 unique sequences.
Sample 9 - 58012 reads in 18607 unique sequences.
Sample 10 - 72388 reads in 19277 unique sequences.
Sample 11 - 54485 reads in 17871 unique sequences.
Sample 12 - 77636 reads in 22601 unique sequences.
Sample 13 - 20262 reads in 7546 unique sequences.
Sample 14 - 82294 reads in 21615 unique sequences.
Sample 15 - 59777 reads in 17983 unique sequences.
Sample 16 - 65056 reads in 18427 unique sequences.
Sample 17 - 58468 reads in 15208 unique sequences.
Sample 18 - 48495 reads in 15439 unique sequences.
Sample 19 - 78244 reads in 11742 unique sequences.
Sample 20 - 61125 reads in 17089 unique sequences.
Sample 21 - 67721 reads in 23603 unique sequences.
Sample 22 - 70772 reads in 22335 unique sequences.
Sample 23 - 68191 reads in 20120 unique sequences.
Sample 24 - 52586 reads in 14466 unique sequences.
Sample 25 - 60884 reads in 10936 unique sequences.
Sample 26 - 235644 reads in 45959 unique sequences.
Sample 1 - 43126 reads in 13883 unique sequences.
Sample 2 - 42216 reads in 13201 unique sequences.
Sample 3 - 45980 reads in 5605 unique sequences.
Sample 4 - 48391 reads in 7014 unique sequences.
Sample 5 - 49895 reads in 7674 unique sequences.
Sample 6 - 50682 reads in 10555 unique sequences.
Sample 7 - 55925 reads in 11898 unique sequences.
Sample 8 - 55008 reads in 13179 unique sequences.
Sample 9 - 60743 reads in 12494 unique sequences.
Sample 10 - 56514 reads in 14570 unique sequences.
Sample 11 - 50030 reads in 8173 unique sequences.
Sample 12 - 60287 reads in 9879 unique sequences.
Sample 13 - 56537 reads in 12595 unique sequences.
Sample 14 - 81519 reads in 14963 unique sequences.
Identified 4132 bimeras out of 6170 input sequences.
Warning messages:
1: In scale_y_log10() : log-10 transformation introduced infinite values.
2: Removed 180 rows containing missing values or values outside the scale range
(`geom_line()`). 
3: Removed 180 rows containing missing values or values outside the scale range
(`geom_line()`). 
4: In scale_y_log10() : log-10 transformation introduced infinite values.
5: Removed 180 rows containing missing values or values outside the scale range
(`geom_line()`). 
6: Removed 180 rows containing missing values or values outside the scale range
(`geom_line()`). 
phyloseq-class experiment-level object
otu_table()   OTU Table:         [ 2038 taxa and 40 samples ]
sample_data() Sample Data:       [ 40 samples by 24 sample variables ]
tax_table()   Taxonomy Table:    [ 2038 taxa by 7 taxonomic ranks ]
refseq()      DNAStringSet:      [ 2038 reference sequences ]
R version 4.5.2 (2025-10-31)
Platform: x86_64-conda-linux-gnu
Running under: Ubuntu 24.04.5 LTS

Matrix products: default
BLAS/LAPACK: /home/hermes/duda/.tools/r-4.5.2/lib/libopenblasp-r0.3.34.so;  LAPACK version 3.12.0

locale:
 [1] LC_CTYPE=C.UTF-8       LC_NUMERIC=C           LC_TIME=C.UTF-8       
 [4] LC_COLLATE=C.UTF-8     LC_MONETARY=C.UTF-8    LC_MESSAGES=C.UTF-8   
 [7] LC_PAPER=C.UTF-8       LC_NAME=C              LC_ADDRESS=C          
[10] LC_TELEPHONE=C         LC_MEASUREMENT=C.UTF-8 LC_IDENTIFICATION=C   

time zone: Europe/Berlin
tzcode source: system (glibc)

attached base packages:
[1] stats4    stats     graphics  grDevices utils     datasets  methods  
[8] base     

other attached packages:
 [1] Biostrings_2.78.0   Seqinfo_1.0.0       XVector_0.50.0     
 [4] IRanges_2.44.0      S4Vectors_0.48.1    BiocGenerics_0.56.0
 [7] generics_0.1.4      phyloseq_1.54.2     ggplot2_4.0.3      
[10] dada2_1.38.0        Rcpp_1.1.2          dplyr_1.2.1        

loaded via a namespace (and not attached):
 [1] SummarizedExperiment_1.40.0 gtable_0.3.6               
 [3] hwriter_1.3.2.1             rhdf5_2.54.1               
 [5] latticeExtra_0.6-31         Biobase_2.70.0             
 [7] lattice_0.23-1              rhdf5filters_1.22.0        
 [9] vctrs_0.7.3                 tools_4.5.2                
[11] bitops_1.1-0                biomformat_1.38.3          
[13] parallel_4.5.2              tibble_3.3.1               
[15] cluster_2.1.8.3             pkgconfig_2.0.3            
[17] Matrix_1.7-5                data.table_1.18.6.1        
[19] RColorBrewer_1.1-3          S7_0.2.2                   
[21] cigarillo_1.0.0             RcppParallel_5.1.11-2      
[23] lifecycle_1.0.5             compiler_4.5.2             
[25] farver_2.1.2                stringr_1.6.0              
[27] deldir_2.0-4                Rsamtools_2.26.0           
[29] codetools_0.2-20            permute_0.9-10             
[31] pillar_1.11.1               crayon_1.5.3               
[33] MASS_7.3-66                 BiocParallel_1.44.0        
[35] DelayedArray_0.36.1         vegan_2.7-5                
[37] iterators_1.0.14            ShortRead_1.68.0           
[39] abind_1.4-8                 foreach_1.5.2              
[41] nlme_3.1-170                tidyselect_1.2.1           
[43] digest_0.6.39               stringi_1.8.9              
[45] reshape2_1.4.5              labeling_0.4.3             
[47] splines_4.5.2               ade4_1.7-24                
[49] grid_4.5.2                  cli_3.6.6                  
[51] SparseArray_1.10.10         magrittr_2.0.5             
[53] S4Arrays_1.10.1             survival_3.8-12            
[55] ape_5.8-1                   withr_3.0.3                
[57] scales_1.4.0                pwalign_1.6.0              
[59] matrixStats_1.5.0           jpeg_0.1-11                
[61] multtest_2.66.0             igraph_2.3.3               
[63] interp_1.1-6                png_0.1-9                  
[65] GenomicRanges_1.62.1        mgcv_1.9-4                 
[67] rlang_1.3.0                 glue_1.8.1                 
[69] jsonlite_2.0.0              Rhdf5lib_1.32.0            
[71] R6_2.6.1                    plyr_1.8.9                 
[73] MatrixGenerics_1.22.0       GenomicAlignments_1.46.0   
