Working directory: /home/hermes/duda/16SrRNA_analysis
Warning message:
package ‘phyloseq’ was built under R version 4.5.3 
Warning message:
package ‘data.table’ was built under R version 4.5.3 
Warning message:
package ‘dplyr’ was built under R version 4.5.3 
Warning message:
package ‘vegan’ was built under R version 4.5.3 
Warning message:
package ‘ggplot2’ was built under R version 4.5.3 
Warning message:
package ‘ggrepel’ was built under R version 4.5.3 
null device 
          1 
Warning message:
In rarecurve(otu, step = 20, col = "red", cex = 0.7, cex.axis = 1.4,  :
  most observed count data have counts 1, but smallest count is 2
null device 
          1 
R version 4.5.2 (2025-10-31)
Platform: x86_64-conda-linux-gnu
Running under: Ubuntu 24.04.5 LTS

Matrix products: default
BLAS/LAPACK: /home/hermes/duda/.tools/r-4.5.2/lib/libopenblasp-r0.3.34.so;  LAPACK version 3.12.0

locale:
 [1] LC_CTYPE=C.UTF-8       LC_NUMERIC=C           LC_TIME=C.UTF-8       
 [4] LC_COLLATE=C.UTF-8     LC_MONETARY=C.UTF-8    LC_MESSAGES=C.UTF-8   
 [7] LC_PAPER=C.UTF-8       LC_NAME=C              LC_ADDRESS=C          
[10] LC_TELEPHONE=C         LC_MEASUREMENT=C.UTF-8 LC_IDENTIFICATION=C   

time zone: Europe/Berlin
tzcode source: system (glibc)

attached base packages:
[1] stats     graphics  grDevices utils     datasets  methods   base     

other attached packages:
[1] ggrepel_0.9.8       ggplot2_4.0.3       vegan_2.7-5        
[4] permute_0.9-10      dplyr_1.2.1         data.table_1.18.6.1
[7] phyloseq_1.54.2    

loaded via a namespace (and not attached):
 [1] generics_0.1.4      stringi_1.8.9       lattice_0.23-1     
 [4] digest_0.6.39       magrittr_2.0.5      grid_4.5.2         
 [7] RColorBrewer_1.1-3  iterators_1.0.14    foreach_1.5.2      
[10] plyr_1.8.9          jsonlite_2.0.0      Matrix_1.7-5       
[13] ape_5.8-1           survival_3.8-12     mgcv_1.9-4         
[16] scales_1.4.0        Biostrings_2.78.0   codetools_0.2-20   
[19] ade4_1.7-24         cli_3.6.6           rlang_1.3.0        
[22] crayon_1.5.3        XVector_0.50.0      Biobase_2.70.0     
[25] splines_4.5.2       withr_3.0.3         tools_4.5.2        
[28] parallel_4.5.2      reshape2_1.4.5      Rhdf5lib_1.32.0    
[31] multtest_2.66.0     BiocGenerics_0.56.0 vctrs_0.7.3        
[34] R6_2.6.1            rhdf5_2.54.1        stats4_4.5.2       
[37] lifecycle_1.0.5     Seqinfo_1.0.0       stringr_1.6.0      
[40] biomformat_1.38.3   S4Vectors_0.48.1    IRanges_2.44.0     
[43] MASS_7.3-66         cluster_2.1.8.3     pkgconfig_2.0.3    
[46] pillar_1.11.1       gtable_0.3.6        glue_1.8.1         
[49] Rcpp_1.1.2          tibble_3.3.1        tidyselect_1.2.1   
[52] rhdf5filters_1.22.0 farver_2.1.2        nlme_3.1-170       
[55] igraph_2.3.3        labeling_0.4.3      compiler_4.5.2     
[58] S7_0.2.2           
