Working directory: /home/hermes/duda/16SrRNA_analysis
Warning message:
package ‘phyloseq’ was built under R version 4.5.3 
Warning message:
package ‘dplyr’ was built under R version 4.5.3 
  Included Phylum Genus  ASV
1      All     11   193 1064
2  > 0.01%     11   137  554
3   > 0.1%      7    67  157
4     > 1%      3    15   18
                  Phylum Abundance_all Abundance_T0 Abundance_T12
               Bacillota       55.2863      57.0456      53.52700
            Bacteroidota       37.9808      34.0489      41.91266
          Pseudomonadota        5.0999       7.2751       2.92478
       Verrucomicrobiota        0.6604       0.6703       0.65050
 Thermodesulfobacteriota        0.4363       0.3996       0.47297
          Actinomycetota        0.3117       0.3366       0.28685
            Synergistota        0.1119       0.0596       0.16423
          Fusobacteriota        0.0328       0.0597       0.00603
         Cyanobacteriota        0.0317       0.0593       0.00398
       Methanobacteriota        0.0285       0.0309       0.02617
        Thermoplasmatota        0.0196       0.0144       0.02483
              Family                         Genus Abundance_all Abundance_T0
      Bacteroidaceae                   Bacteroides         19.10       15.286
      Prevotellaceae                     Segatella         11.85       13.391
     Ruminococcaceae              Faecalibacterium          7.48        7.792
    Oscillospiraceae                       UCG-002          4.01        4.493
     Lachnospiraceae                  Agathobacter          3.63        2.210
 Succinivibrionaceae                 Succinivibrio          3.24        5.139
  Acidaminococcaceae         Phascolarctobacterium          1.71        1.748
      Prevotellaceae                       Leyella          1.62        0.455
      Tannerellaceae               Parabacteroides          1.54        1.394
     Lachnospiraceae Lachnospiraceae NK4A136 group          1.50        1.095
 Abundance_T12
         22.92
         10.30
          7.17
          3.52
          5.05
          1.35
          1.67
          2.79
          1.69
          1.91
Unassigned at genus level (% of reads): 17.08 
R version 4.5.2 (2025-10-31)
Platform: x86_64-conda-linux-gnu
Running under: Ubuntu 24.04.5 LTS

Matrix products: default
BLAS/LAPACK: /home/hermes/duda/.tools/r-4.5.2/lib/libopenblasp-r0.3.34.so;  LAPACK version 3.12.0

locale:
 [1] LC_CTYPE=C.UTF-8       LC_NUMERIC=C           LC_TIME=C.UTF-8       
 [4] LC_COLLATE=C.UTF-8     LC_MONETARY=C.UTF-8    LC_MESSAGES=C.UTF-8   
 [7] LC_PAPER=C.UTF-8       LC_NAME=C              LC_ADDRESS=C          
[10] LC_TELEPHONE=C         LC_MEASUREMENT=C.UTF-8 LC_IDENTIFICATION=C   

time zone: Europe/Berlin
tzcode source: system (glibc)

attached base packages:
[1] stats     graphics  grDevices utils     datasets  methods   base     

other attached packages:
[1] dplyr_1.2.1     phyloseq_1.54.2

loaded via a namespace (and not attached):
 [1] generics_0.1.4      stringi_1.8.9       lattice_0.23-1     
 [4] digest_0.6.39       magrittr_2.0.5      grid_4.5.2         
 [7] RColorBrewer_1.1-3  iterators_1.0.14    foreach_1.5.2      
[10] plyr_1.8.9          jsonlite_2.0.0      Matrix_1.7-5       
[13] ape_5.8-1           survival_3.8-12     mgcv_1.9-4         
[16] scales_1.4.0        permute_0.9-10      Biostrings_2.78.0  
[19] codetools_0.2-20    ade4_1.7-24         cli_3.6.6          
[22] rlang_1.3.0         crayon_1.5.3        XVector_0.50.0     
[25] Biobase_2.70.0      splines_4.5.2       withr_3.0.3        
[28] vegan_2.7-5         tools_4.5.2         parallel_4.5.2     
[31] reshape2_1.4.5      Rhdf5lib_1.32.0     ggplot2_4.0.3      
[34] multtest_2.66.0     BiocGenerics_0.56.0 vctrs_0.7.3        
[37] R6_2.6.1            rhdf5_2.54.1        stats4_4.5.2       
[40] lifecycle_1.0.5     Seqinfo_1.0.0       stringr_1.6.0      
[43] biomformat_1.38.3   S4Vectors_0.48.1    IRanges_2.44.0     
[46] MASS_7.3-66         cluster_2.1.8.3     pkgconfig_2.0.3    
[49] pillar_1.11.1       gtable_0.3.6        data.table_1.18.6.1
[52] glue_1.8.1          Rcpp_1.1.2          tibble_3.3.1       
[55] tidyselect_1.2.1    rhdf5filters_1.22.0 farver_2.1.2       
[58] nlme_3.1-170        igraph_2.3.3        compiler_4.5.2     
[61] S7_0.2.2           
