Working directory: /home/hermes/duda/16SrRNA_analysis
Warning message:
package ‘phyloseq’ was built under R version 4.5.3 
Warning message:
package ‘dplyr’ was built under R version 4.5.3 
Warning messages:
1: package ‘mia’ was built under R version 4.5.3 
2: package ‘MultiAssayExperiment’ was built under R version 4.5.3 
3: package ‘S4Vectors’ was built under R version 4.5.3 
Warning message:
package ‘ANCOMBC’ was built under R version 4.5.3 
Warning message:
package ‘ggplot2’ was built under R version 4.5.3 
Checking the input data type ...
The input data is of type: TreeSummarizedExperiment
PASS
Checking the sample metadata ...
The specified variables in the formula: Group
The available variables in the sample metadata: ID, Patient, Run, Group, IL1B.627, IL1B.944, IL1B.623, IL1B.306, IL6.795, IL6.840, IL6.845, IL6.832, TNF.525, TNF.629, TNF.724, TNF.964, TNF.630, IFNG, Sex, Age, Leprosy, Adverse.reaction, ATS, OM
PASS
Checking other arguments ...
The number of groups of interest is: 2
The sample size per group is: T0 = 20, T12 = 20
PASS
Obtaining initial estimates ...
REML iteration = 1, epsilon = 1.4
REML iteration = 2, epsilon = 3
REML iteration = 3, epsilon = 1.5
REML iteration = 4, epsilon = 0.53
REML iteration = 5, epsilon = 0.29
REML iteration = 6, epsilon = 0.21
REML iteration = 7, epsilon = 0.67
REML iteration = 8, epsilon = 0.2
REML iteration = 9, epsilon = 0.061
REML iteration = 10, epsilon = 0.13
REML iteration = 11, epsilon = 0.67
REML iteration = 12, epsilon = 0.65
REML iteration = 13, epsilon = 0.021
REML iteration = 14, epsilon = 1.1
REML iteration = 15, epsilon = 1
REML iteration = 16, epsilon = 0.19
REML iteration = 17, epsilon = 0.18
REML iteration = 18, epsilon = 1.2
REML iteration = 19, epsilon = 1.2
REML iteration = 20, epsilon = 0.034
Estimating sample-specific biases ...
boundary (singular) fit: see help('isSingular')
ANCOM-BC2 primary results ...
Conducting sensitivity analysis for pseudo-count addition to 0s ...
For taxa that are significant but do not pass the sensitivity analysis,
they are marked in the 'passed_ss' column and will be treated as non-significant in the 'diff_robust' column.
For detailed instructions on performing sensitivity analysis, please refer to the package vignette.
Warning message:
The group variable has < 3 categories 
The multi-group comparisons (global/pairwise/dunnet/trend) will be deactivated 
                          taxon absent_in_all_T0 absent_in_all_T12 n_present_T0
25                 Anaerotignum             TRUE             FALSE            0
35               Butyricicoccus             TRUE             FALSE            0
48                  Citrobacter            FALSE              TRUE            6
63                  Eggerthella             TRUE             FALSE            0
66                 Enterococcus             TRUE             FALSE            0
75                 Faecalitalea            FALSE              TRUE            2
85                GCA-900066755             TRUE             FALSE            0
134                   Olsenella            FALSE              TRUE            2
149 Prevotellaceae NK3B31 group             TRUE             FALSE            0
155                  Raoultella             TRUE             FALSE            0
165                  Sellimonas             TRUE             FALSE            0
187                     UCG-008            FALSE              TRUE            2
    n_present_T12
25              2
35              2
48              0
63              2
66              4
75              0
85              3
134             0
149             2
155             2
165             2
187             0
Genera tested: 125; significant after FDR (robust): 0; nominal p < 0.05 and passed_ss: 11
null device 
          1 
R version 4.5.2 (2025-10-31)
Platform: x86_64-conda-linux-gnu
Running under: Ubuntu 24.04.5 LTS

Matrix products: default
BLAS/LAPACK: /home/hermes/duda/.tools/r-4.5.2/lib/libopenblasp-r0.3.34.so;  LAPACK version 3.12.0

locale:
 [1] LC_CTYPE=C.UTF-8       LC_NUMERIC=C           LC_TIME=C.UTF-8       
 [4] LC_COLLATE=C.UTF-8     LC_MONETARY=C.UTF-8    LC_MESSAGES=C.UTF-8   
 [7] LC_PAPER=C.UTF-8       LC_NAME=C              LC_ADDRESS=C          
[10] LC_TELEPHONE=C         LC_MEASUREMENT=C.UTF-8 LC_IDENTIFICATION=C   

time zone: Europe/Berlin
tzcode source: system (glibc)

attached base packages:
[1] stats4    stats     graphics  grDevices utils     datasets  methods  
[8] base     

other attached packages:
 [1] ggplot2_4.0.3                   ANCOMBC_2.14.0                 
 [3] mia_1.18.0                      TreeSummarizedExperiment_2.18.0
 [5] Biostrings_2.78.0               XVector_0.50.0                 
 [7] SingleCellExperiment_1.32.0     MultiAssayExperiment_1.36.2    
 [9] SummarizedExperiment_1.40.0     Biobase_2.70.0                 
[11] GenomicRanges_1.62.1            Seqinfo_1.0.0                  
[13] IRanges_2.44.0                  S4Vectors_0.48.1               
[15] BiocGenerics_0.56.0             generics_0.1.4                 
[17] MatrixGenerics_1.22.0           matrixStats_1.5.0              
[19] dplyr_1.2.1                     phyloseq_1.54.2                

loaded via a namespace (and not attached):
  [1] splines_4.5.2               tibble_3.3.1               
  [3] cellranger_1.1.0            rpart_4.1.27               
  [5] DirichletMultinomial_1.52.0 lifecycle_1.0.5            
  [7] Rdpack_2.6.6                doParallel_1.0.17          
  [9] lattice_0.23-1              MASS_7.3-66                
 [11] backports_1.5.1             magrittr_2.0.5             
 [13] rmarkdown_2.32              Hmisc_5.3-0                
 [15] otel_0.2.0                  doRNG_1.8.6.3              
 [17] gld_2.6.8                   minqa_1.2.8                
 [19] DBI_1.3.0                   RColorBrewer_1.1-3         
 [21] ade4_1.7-24                 multcomp_1.4-32            
 [23] abind_1.4-8                 Rtsne_0.17                 
 [25] quadprog_1.5-8              expm_1.0-0                 
 [27] purrr_1.2.2                 fillpattern_1.0.4          
 [29] yulab.utils_0.2.5           nnet_7.3-21                
 [31] TH.data_1.1-5               rappdirs_0.3.4             
 [33] sandwich_3.1-3              ggrepel_0.9.8              
 [35] irlba_2.3.7                 tidytree_0.4.8             
 [37] vegan_2.7-5                 microbiome_1.32.0          
 [39] rbiom_2.2.1                 parallelly_1.48.0          
 [41] permute_0.9-10              DelayedMatrixStats_1.32.0  
 [43] codetools_0.2-20            DelayedArray_0.36.1        
 [45] energy_1.7-12               scuttle_1.20.0             
 [47] ggtext_0.2.0                xml2_1.6.0                 
 [49] tidyselect_1.2.1            farver_2.1.2               
 [51] lme4_2.0-6                  ScaledMatrix_1.18.0        
 [53] viridis_0.6.5               base64enc_0.1-6            
 [55] jsonlite_2.0.0              BiocNeighbors_2.4.0        
 [57] multtest_2.66.0             e1071_1.7-17               
 [59] decontam_1.30.0             Formula_1.2-6              
 [61] survival_3.8-12             scater_1.38.1              
 [63] iterators_1.0.14            emmeans_2.0.4              
 [65] systemfonts_1.3.2           foreach_1.5.2              
 [67] tools_4.5.2                 ggnewscale_0.5.2           
 [69] treeio_1.34.0               ragg_1.5.2                 
 [71] DescTools_0.99.60           Rcpp_1.1.2                 
 [73] glue_1.8.1                  gridExtra_2.3.1            
 [75] SparseArray_1.10.10         BiocBaseUtils_1.12.0       
 [77] xfun_0.60                   mgcv_1.9-4                 
 [79] numDeriv_2016.8-1.1         withr_3.0.3                
 [81] fastmap_1.2.0               boot_1.3-32                
 [83] rhdf5filters_1.22.0         bluster_1.20.0             
 [85] digest_0.6.39               rsvd_1.0.5                 
 [87] R6_2.6.1                    estimability_2.0.0         
 [89] colorspace_2.1-3            textshaping_1.0.5          
 [91] gtools_3.9.5                tidyr_1.3.2                
 [93] data.table_1.18.6.1         DECIPHER_3.6.0             
 [95] class_7.3-24                httr_1.4.9                 
 [97] htmlwidgets_1.6.4           S4Arrays_1.10.1            
 [99] pkgconfig_2.0.3             gtable_0.3.6               
[101] Exact_3.3                   S7_0.2.2                   
[103] htmltools_0.5.9             biomformat_1.38.3          
[105] scales_1.4.0                lmom_3.3                   
[107] reformulas_0.4.4            knitr_1.52                 
[109] rstudioapi_0.19.0           tzdb_0.5.0                 
[111] reshape2_1.4.5              nloptr_2.2.1               
[113] checkmate_2.3.3             nlme_3.1-170               
[115] proxy_0.4-29                zoo_1.9-0                  
[117] rhdf5_2.54.1                stringr_1.6.0              
[119] rootSolve_1.8.2.4           parallel_4.5.2             
[121] vipor_0.4.7                 foreign_0.8-91             
[123] pillar_1.11.1               grid_4.5.2                 
[125] vctrs_0.7.3                 slam_0.1-56                
[127] BiocSingular_1.26.1         beachmat_2.26.0            
[129] xtable_1.8-8                cluster_2.1.8.3            
[131] beeswarm_0.4.0              htmlTable_2.5.0            
[133] evaluate_1.0.5              readr_2.2.0                
[135] mvtnorm_1.4-2               cli_3.6.6                  
[137] compiler_4.5.2              rngtools_1.5.2             
[139] rlang_1.3.0                 crayon_1.5.3               
[141] labeling_0.4.3              plyr_1.8.9                 
[143] forcats_1.0.1               fs_2.1.0                   
[145] ggbeeswarm_0.7.3            stringi_1.8.9              
[147] viridisLite_0.4.3           BiocParallel_1.44.0        
[149] lmerTest_3.2-1              gsl_2.1-9                  
[151] lazyeval_0.2.3              Matrix_1.7-5               
[153] hms_1.1.4                   patchwork_1.3.2            
[155] sparseMatrixStats_1.22.0    Rhdf5lib_1.32.0            
[157] haven_2.5.5                 rbibutils_2.4.1            
[159] gridtext_0.1.6              igraph_2.3.3               
[161] readxl_1.5.0.1              ape_5.8-1                  
