Working directory: /home/hermes/duda/16SrRNA_analysis
Warning message:
package ‘dplyr’ was built under R version 4.5.3 
          Category  n                       T0_median_IQR_range
   Calories (kcal) 16 1431.17 (1322.92-1626.67; 992.00-2077.33)
 Carbohydrates (g) 16     185.17 (152.25-240.67; 105.00-298.67)
  Cholesterol (mg) 16       218.83 (73.67-240.58; 20.67-297.00)
 Dietary fiber (g) 16           18.50 (14.00-22.33; 8.33-54.67)
           Fat (g) 16          43.50 (39.17-52.08; 18.33-83.33)
       Protein (g) 16        88.83 (58.25-108.67; 47.00-387.33)
     Saturated (g) 16             8.50 (7.50-15.67; 3.33-25.33)
       Sucrose (g) 16           37.50 (16.50-50.58; 3.33-71.67)
         Trans (g) 16               0.33 (0.00-0.67; 0.00-1.33)
                       T12_median_IQR_range p_value
 1557.00 (1346.58-2178.50; 1035.00-2590.33)   0.205
      203.17 (188.00-269.08; 163.00-377.33)   0.245
         200.17 (45.00-299.25; 0.00-700.67)   0.776
            25.83 (16.42-28.17; 2.00-94.67)   0.320
          45.33 (30.92-55.75; 15.00-110.67)   0.660
         83.50 (62.83-107.17; 36.00-195.67)   0.979
              9.33 (6.00-18.00; 0.67-35.00)   0.938
            31.67 (18.58-53.83; 0.33-84.00)   1.000
               0.50 (0.00-1.67; 0.00-23.00)   0.182
R version 4.5.2 (2025-10-31)
Platform: x86_64-conda-linux-gnu
Running under: Ubuntu 24.04.5 LTS

Matrix products: default
BLAS/LAPACK: /home/hermes/duda/.tools/r-4.5.2/lib/libopenblasp-r0.3.34.so;  LAPACK version 3.12.0

locale:
 [1] LC_CTYPE=C.UTF-8       LC_NUMERIC=C           LC_TIME=C.UTF-8       
 [4] LC_COLLATE=C.UTF-8     LC_MONETARY=C.UTF-8    LC_MESSAGES=C.UTF-8   
 [7] LC_PAPER=C.UTF-8       LC_NAME=C              LC_ADDRESS=C          
[10] LC_TELEPHONE=C         LC_MEASUREMENT=C.UTF-8 LC_IDENTIFICATION=C   

time zone: Europe/Berlin
tzcode source: system (glibc)

attached base packages:
[1] stats     graphics  grDevices utils     datasets  methods   base     

other attached packages:
[1] tidyr_1.3.2 dplyr_1.2.1

loaded via a namespace (and not attached):
 [1] tidyselect_1.2.1 compiler_4.5.2   magrittr_2.0.5   R6_2.6.1        
 [5] generics_0.1.4   cli_3.6.6        withr_3.0.3      pillar_1.11.1   
 [9] glue_1.8.1       tibble_3.3.1     vctrs_0.7.3      lifecycle_1.0.5 
[13] pkgconfig_2.0.3  rlang_1.3.0      purrr_1.2.2     
